// Jest Snapshot v1, https://goo.gl/fbAQLP

exports[`O componente Search Quando o componente renderiza 1`] = `
<div>
  <div
    class="busca"
  >
    <input
      class="input"
      placeholder="O que vocÃª procura?"
      type="text"
      value=""
    />
  </div>
</div>
`;
